Starting a Gradle Daemon (subsequent builds will be faster)
> Task :app:preBuild UP-TO-DATE
> Task :app:preDebugBuild UP-TO-DATE
> Task :app:mergeDebugNativeDebugMetadata NO-SOURCE
> Task :app:generateDebugResources
> Task :app:packageDebugResources
> Task :app:processDebugNavigationResources
> Task :app:compileDebugAidl
> Task :app:generateDebugAssets UP-TO-DATE
> Task :app:javaPreCompileDebug
> Task :app:mergeDebugAssets
> Task :app:compressDebugAssets
> Task :app:desugarDebugFileDependencies
> Task :app:checkDebugDuplicateClasses
> Task :app:parseDebugLocalResources
> Task :app:checkDebugAarMetadata
> Task :app:generateDebugRFile
> Task :app:mapDebugSourceSetPaths
> Task :app:mergeLibDexDebug
> Task :app:compileDebugKotlin NO-SOURCE
> Task :app:mergeExtDexDebug

> Task :app:compileDebugJavaWithJavac
warning: unknown enum constant Scope.LIBRARY_GROUP_PREFIX
  reason: class file for androidx.annotation.RestrictTo$Scope not found
warning: unknown enum constant Scope.LIBRARY_GROUP_PREFIX
warning: unknown enum constant Scope.LIBRARY_GROUP_PREFIX
warning: unknown enum constant Scope.LIBRARY_GROUP_PREFIX
warning: unknown enum constant Scope.LIBRARY_GROUP_PREFIX
warning: unknown enum constant Scope.LIBRARY_GROUP_PREFIX
warning: unknown enum constant Scope.LIBRARY_GROUP_PREFIX
Note: /home/runner/work/UnityModLoader/UnityModLoader/app/src/main/java/dev/unitymodloader/app/MainActivity.java uses or overrides a deprecated API.
Note: Recompile with -Xlint:deprecation for details.
7 warnings

> Task :app:processDebugJavaRes NO-SOURCE
> Task :app:compileDebugNavigationResources
> Task :app:createDebugCompatibleScreenManifests
> Task :app:extractDeepLinksDebug
> Task :app:mergeDebugResources
> Task :app:mergeDebugJavaResource
> Task :app:processDebugMainManifest
> Task :app:processDebugManifest
> Task :app:configureCMakeDebug[arm64-v8a]
> Task :app:buildCMakeDebug[arm64-v8a]
> Task :app:configureCMakeDebug[armeabi-v7a]
> Task :app:buildCMakeDebug[armeabi-v7a]
> Task :app:configureCMakeDebug[x86]
> Task :app:buildCMakeDebug[x86]
> Task :app:configureCMakeDebug[x86_64]
> Task :app:buildCMakeDebug[x86_64]
> Task :app:mergeDebugJniLibFolders
> Task :app:processDebugManifestForPackage
> Task :app:mergeDebugNativeLibs
> Task :app:processDebugResources
> Task :app:validateSigningDebug
> Task :app:dexBuilderDebug
> Task :app:writeDebugAppMetadata
> Task :app:writeDebugSigningConfigVersions
> Task :app:mergeProjectDexDebug
> Task :app:stripDebugDebugSymbols
> Task :app:packageDebug
> Task :app:createDebugApkListingFileRedirect
> Task :app:assembleDebug
gradle/actions: Writing build results to /home/runner/work/_temp/.gradle-actions/build-results/build-1787264315061.json

[Incubating] Problems report is available at: file:///home/runner/work/UnityModLoader/UnityModLoader/build/reports/problems/problems-report.html

Deprecated Gradle features were used in this build, making it incompatible with Gradle 10.

You can use '--warning-mode all' to show the individual deprecation warnings and determine if they come from your own scripts or plugins.

For more on this, please refer to https://docs.gradle.org/9.3.1/userguide/command_line_interface.html#sec:command_line_warnings in the Gradle documentation.

BUILD SUCCESSFUL in 47s
43 actionable tasks: 43 executed
Consider enabling configuration cache to speed up this build: https://docs.gradle.org/9.3.1/userguide/configuration_cache_enabling.html
